<?xml version="1.0" encoding="UTF-8"?>
<testsuites>
    <testsuite name="adding-ad-to-favorites;verify-that-one-ad-can-not-be-added-twice" tests="2" failures="1" skipped="1">
        <properties>
            <property name="URI" value="C:/Users/37129/webdriverio-test/features/ss-com.feature">
            </property>
        </properties>
        <testcase name="When I add one ad to favorites twice" classname="adding-ad-to-favorites;verify-that-one-ad-can-not-be-added-twice" time="50.0025294">
            <failure message="function timed out after 50000 milliseconds">function timed out after 50000 milliseconds</failure>
        </testcase>
        <testcase name="Then there should be only one ad in Memo section" classname="adding-ad-to-favorites;verify-that-one-ad-can-not-be-added-twice">
            <skipped message="">
            </skipped>
        </testcase>
    </testsuite>
</testsuites>